// Jest Snapshot v1, https://goo.gl/fbAQLP

exports[`chartjs-bezier-curve-utility find y at x when t is equal to 5 1`] = `5`;

exports[`chartjs-bezier-curve-utility find y at x when t is equal to 5.326732397079468 1`] = `5`;

exports[`chartjs-bezier-curve-utility find y at x when t is equal to 11 1`] = `4.069619188998703`;

exports[`chartjs-bezier-curve-utility find y at x when t is equal to 15 1`] = `1.5`;
